<html>
<body>
<pre>
<h1>µVision Build Log</h1>
<h2>Project:</h2>
E:\my_code\calender\PROJECT\gpio.uvproj
Project File Date:  06/21/2016

<h2>Output:</h2>
Build target 'Target 1'
compiling main.c...
..\USER\main.c(60): warning:  #177-D: variable "i" was declared but never referenced
  {   uint32  i;
..\USER\main.c: 1 warning, 0 errors
compiling lcd1602.c...
compiling delay.c...
linking...
Program Size: Code=2612 RO-data=32 RW-data=100 ZI-data=1260  
FromELF: creating hex file...
".\gpio.axf" - 0 Error(s), 1 Warning(s).
