ARM Linker, 5.03 [Build 76] [MDK-ARM Standard]

==============================================================================

Section Cross References

    startup.o(STACK) refers (Special) to heapauxi.o(.text) for __use_two_region_memory
    startup.o(HEAP) refers (Special) to heapauxi.o(.text) for __use_two_region_memory
    startup.o(RESET) refers (Special) to heapauxi.o(.text) for __use_two_region_memory
    startup.o(RESET) refers to startup.o(STACK) for Stack_Top
    startup.o(RESET) refers to __main.o(!!!main) for __main
    startup.o(.text) refers (Special) to heapauxi.o(.text) for __use_two_region_memory
    startup.o(.text) refers to startup.o(HEAP) for Heap_Mem
    startup.o(.text) refers to startup.o(STACK) for Stack_Mem
    main.o(.text) refers to delay.o(.text) for delay_ms
    main.o(.text) refers to jiemian.o(.text) for RTC_init
    main.o(.text) refers to lcd1602.o(.text) for LcdInit
    main.o(.text) refers to main.o(.data) for .data
    main.o(.text) refers to jiemian.o(.data) for year2
    main.o(.text) refers to jiemian.o(.data) for month2
    main.o(.text) refers to jiemian.o(.data) for day2
    main.o(.text) refers to jiemian.o(.data) for month
    main.o(.text) refers to jiemian.o(.data) for hour2
    main.o(.text) refers to jiemian.o(.data) for min2
    jiemian.o(.text) refers to aeabi_sdiv.o(.text) for __aeabi_idivmod
    jiemian.o(.text) refers to lcd1602.o(.text) for LcdWriteCom
    jiemian.o(.text) refers to jiemian.o(.data) for .data
    jiemian.o(.text) refers to main.o(.data) for nian
    jiemian.o(.text) refers to main.o(.data) for yue
    jiemian.o(.text) refers to main.o(.data) for ri
    jiemian.o(.text) refers to main.o(.data) for shi
    jiemian.o(.text) refers to main.o(.data) for fen
    jiemian.o(.text) refers to main.o(.data) for miao
    jiemian.o(.text) refers to main.o(.data) for hanzi
    jiemian.o(.text) refers to main.o(.data) for week
    jiemian.o(.text) refers to main.o(.data) for week_num
    jiemian.o(.text) refers to main.o(.data) for jj
    jiemian.o(.text) refers to main.o(.data) for state_s
    jiemian.o(.text) refers to main.o(.data) for zi
    lcd1602.o(.text) refers to delay.o(.text) for delay_ms
    aeabi_sdiv.o(.text_udiv) refers to aeabi_sdiv.o(.text) for __arm_div2
    aeabi_sdiv_div0.o(.text_udiv) refers to aeabi_sdiv_div0.o(.text) for __arm_div2
    __main.o(!!!main) refers to rtentry.o(.ARM.Collect$$rtentry$$00000000) for __rt_entry
    rtentry.o(.ARM.Collect$$rtentry$$00000000) refers (Special) to rtentry2.o(.ARM.Collect$$rtentry$$0000000A) for __rt_entry_li
    rtentry.o(.ARM.Collect$$rtentry$$00000000) refers (Special) to rtentry2.o(.ARM.Collect$$rtentry$$0000000D) for __rt_entry_main
    rtentry.o(.ARM.Collect$$rtentry$$00000000) refers (Special) to rtentry2.o(.ARM.Collect$$rtentry$$0000000C) for __rt_entry_postli_1
    rtentry.o(.ARM.Collect$$rtentry$$00000000) refers (Special) to rtentry2.o(.ARM.Collect$$rtentry$$00000009) for __rt_entry_postsh_1
    rtentry.o(.ARM.Collect$$rtentry$$00000000) refers (Special) to rtentry2.o(.ARM.Collect$$rtentry$$00000002) for __rt_entry_presh_1
    rtentry.o(.ARM.Collect$$rtentry$$00000000) refers (Special) to rtentry4.o(.ARM.Collect$$rtentry$$00000004) for __rt_entry_sh
    aeabi_idiv0_sigfpe.o(.text) refers to rt_div0.o(.text) for __rt_div0
    rtentry2.o(.ARM.Collect$$rtentry$$00000008) refers to boardinit2.o(.text) for _platform_post_stackheap_init
    rtentry2.o(.ARM.Collect$$rtentry$$0000000A) refers to libinit.o(.ARM.Collect$$libinit$$00000000) for __rt_lib_init
    rtentry2.o(.ARM.Collect$$rtentry$$0000000B) refers to boardinit3.o(.text) for _platform_post_lib_init
    rtentry2.o(.ARM.Collect$$rtentry$$0000000D) refers to exit.o(.text) for exit
    rtentry2.o(.ARM.Collect$$rtentry$$0000000D) refers to main.o(.text) for main
    rtentry2.o(.ARM.exidx) refers to rtentry2.o(.ARM.Collect$$rtentry$$00000001) for .ARM.Collect$$rtentry$$00000001
    rtentry2.o(.ARM.exidx) refers to rtentry2.o(.ARM.Collect$$rtentry$$00000008) for .ARM.Collect$$rtentry$$00000008
    rtentry2.o(.ARM.exidx) refers to rtentry2.o(.ARM.Collect$$rtentry$$0000000A) for .ARM.Collect$$rtentry$$0000000A
    rtentry2.o(.ARM.exidx) refers to rtentry2.o(.ARM.Collect$$rtentry$$0000000B) for .ARM.Collect$$rtentry$$0000000B
    rtentry2.o(.ARM.exidx) refers to rtentry2.o(.ARM.Collect$$rtentry$$0000000D) for .ARM.Collect$$rtentry$$0000000D
    rtentry4.o(.ARM.Collect$$rtentry$$00000004) refers to sys_stackheap_outer.o(.text) for __user_setup_stackheap
    rtentry4.o(.ARM.exidx) refers to rtentry4.o(.ARM.Collect$$rtentry$$00000004) for .ARM.Collect$$rtentry$$00000004
    rt_div0.o(.text) refers to defsig_fpe_outer.o(.text) for __rt_SIGFPE
    sys_stackheap_outer.o(.text) refers to libspace.o(.text) for __user_perproc_libspace
    sys_stackheap_outer.o(.text) refers to startup.o(.text) for __user_initial_stackheap
    exit.o(.text) refers to rtexit.o(.ARM.Collect$$rtexit$$00000000) for __rt_exit
    defsig_fpe_outer.o(.text) refers to defsig_fpe_inner.o(.text) for __rt_SIGFPE_inner
    defsig_fpe_outer.o(.text) refers to defsig_exit.o(.text) for __sig_exit
    defsig_fpe_formal.o(.text) refers to rt_raise.o(.text) for __rt_raise
    libinit.o(.ARM.Collect$$libinit$$00000000) refers (Special) to libinit2.o(.ARM.Collect$$libinit$$0000002C) for __rt_lib_init_alloca_1
    libinit.o(.ARM.Collect$$libinit$$00000000) refers (Special) to libinit2.o(.ARM.Collect$$libinit$$0000002A) for __rt_lib_init_argv_1
    libinit.o(.ARM.Collect$$libinit$$00000000) refers (Special) to libinit2.o(.ARM.Collect$$libinit$$00000019) for __rt_lib_init_atexit_1
    libinit.o(.ARM.Collect$$libinit$$00000000) refers (Special) to libinit2.o(.ARM.Collect$$libinit$$0000001F) for __rt_lib_init_clock_1
    libinit.o(.ARM.Collect$$libinit$$00000000) refers (Special) to libinit2.o(.ARM.Collect$$libinit$$00000030) for __rt_lib_init_cpp_1
    libinit.o(.ARM.Collect$$libinit$$00000000) refers (Special) to libinit2.o(.ARM.Collect$$libinit$$0000002E) for __rt_lib_init_exceptions_1
    libinit.o(.ARM.Collect$$libinit$$00000000) refers (Special) to libinit2.o(.ARM.Collect$$libinit$$00000002) for __rt_lib_init_fp_1
    libinit.o(.ARM.Collect$$libinit$$00000000) refers (Special) to libinit2.o(.ARM.Collect$$libinit$$0000001D) for __rt_lib_init_fp_trap_1
    libinit.o(.ARM.Collect$$libinit$$00000000) refers (Special) to libinit2.o(.ARM.Collect$$libinit$$00000021) for __rt_lib_init_getenv_1
    libinit.o(.ARM.Collect$$libinit$$00000000) refers (Special) to libinit2.o(.ARM.Collect$$libinit$$00000008) for __rt_lib_init_heap_1
    libinit.o(.ARM.Collect$$libinit$$00000000) refers (Special) to libinit2.o(.ARM.Collect$$libinit$$0000000F) for __rt_lib_init_lc_collate_1
    libinit.o(.ARM.Collect$$libinit$$00000000) refers (Special) to libinit2.o(.ARM.Collect$$libinit$$00000011) for __rt_lib_init_lc_ctype_1
    libinit.o(.ARM.Collect$$libinit$$00000000) refers (Special) to libinit2.o(.ARM.Collect$$libinit$$00000013) for __rt_lib_init_lc_monetary_1
    libinit.o(.ARM.Collect$$libinit$$00000000) refers (Special) to libinit2.o(.ARM.Collect$$libinit$$00000015) for __rt_lib_init_lc_numeric_1
    libinit.o(.ARM.Collect$$libinit$$00000000) refers (Special) to libinit2.o(.ARM.Collect$$libinit$$00000017) for __rt_lib_init_lc_time_1
    libinit.o(.ARM.Collect$$libinit$$00000000) refers (Special) to libinit2.o(.ARM.Collect$$libinit$$0000000C) for __rt_lib_init_rand_1
    libinit.o(.ARM.Collect$$libinit$$00000000) refers (Special) to libinit2.o(.ARM.Collect$$libinit$$00000031) for __rt_lib_init_return
    libinit.o(.ARM.Collect$$libinit$$00000000) refers (Special) to libinit2.o(.ARM.Collect$$libinit$$0000001B) for __rt_lib_init_signal_1
    libinit.o(.ARM.Collect$$libinit$$00000000) refers (Special) to libinit2.o(.ARM.Collect$$libinit$$00000023) for __rt_lib_init_stdio_1
    libinit.o(.ARM.Collect$$libinit$$00000000) refers (Special) to libinit2.o(.ARM.Collect$$libinit$$0000000A) for __rt_lib_init_user_alloc_1
    libspace.o(.text) refers to libspace.o(.bss) for __libspace_start
    rtexit.o(.ARM.Collect$$rtexit$$00000000) refers (Special) to rtexit2.o(.ARM.Collect$$rtexit$$00000004) for __rt_exit_exit
    rtexit.o(.ARM.Collect$$rtexit$$00000000) refers (Special) to rtexit2.o(.ARM.Collect$$rtexit$$00000003) for __rt_exit_ls
    rtexit.o(.ARM.Collect$$rtexit$$00000000) refers (Special) to rtexit2.o(.ARM.Collect$$rtexit$$00000002) for __rt_exit_prels_1
    rtexit.o(.ARM.exidx) refers (Special) to rtexit2.o(.ARM.Collect$$rtexit$$00000004) for __rt_exit_exit
    rtexit.o(.ARM.exidx) refers (Special) to rtexit2.o(.ARM.Collect$$rtexit$$00000003) for __rt_exit_ls
    rtexit.o(.ARM.exidx) refers (Special) to rtexit2.o(.ARM.Collect$$rtexit$$00000002) for __rt_exit_prels_1
    rtexit.o(.ARM.exidx) refers to rtexit.o(.ARM.Collect$$rtexit$$00000000) for .ARM.Collect$$rtexit$$00000000
    rt_raise.o(.text) refers to __raise.o(.text) for __raise
    rt_raise.o(.text) refers to sys_exit.o(.text) for _sys_exit
    defsig_exit.o(.text) refers to sys_exit.o(.text) for _sys_exit
    defsig_fpe_inner.o(.text) refers to defsig_general.o(.text) for __default_signal_display
    libinit2.o(.ARM.Collect$$libinit$$00000001) refers to fpinit.o(x$fpl$fpinit) for _fp_init
    libinit2.o(.ARM.Collect$$libinit$$0000000E) refers to libinit2.o(.ARM.Collect$$libinit$$0000000D) for .ARM.Collect$$libinit$$0000000D
    libinit2.o(.ARM.Collect$$libinit$$00000010) refers to libinit2.o(.ARM.Collect$$libinit$$0000000D) for .ARM.Collect$$libinit$$0000000D
    libinit2.o(.ARM.Collect$$libinit$$00000012) refers to libinit2.o(.ARM.Collect$$libinit$$0000000D) for .ARM.Collect$$libinit$$0000000D
    libinit2.o(.ARM.Collect$$libinit$$00000014) refers to libinit2.o(.ARM.Collect$$libinit$$0000000D) for .ARM.Collect$$libinit$$0000000D
    libinit2.o(.ARM.Collect$$libinit$$00000016) refers to libinit2.o(.ARM.Collect$$libinit$$0000000D) for .ARM.Collect$$libinit$$0000000D
    libinit2.o(.ARM.Collect$$libinit$$00000024) refers to argv_veneer.o(.emb_text) for __ARM_argv_veneer
    libinit2.o(.ARM.Collect$$libinit$$00000025) refers to argv_veneer.o(.emb_text) for __ARM_argv_veneer
    sys_exit.o(.text) refers (Special) to use_no_semi.o(.text) for __I$use$semihosting
    sys_exit.o(.text) refers (Special) to indicate_semi.o(.text) for __semihosting_library_function
    rtexit2.o(.ARM.Collect$$rtexit$$00000003) refers to libshutdown.o(.ARM.Collect$$libshutdown$$00000000) for __rt_lib_shutdown
    rtexit2.o(.ARM.Collect$$rtexit$$00000004) refers to sys_exit.o(.text) for _sys_exit
    rtexit2.o(.ARM.exidx) refers to rtexit2.o(.ARM.Collect$$rtexit$$00000001) for .ARM.Collect$$rtexit$$00000001
    rtexit2.o(.ARM.exidx) refers to rtexit2.o(.ARM.Collect$$rtexit$$00000003) for .ARM.Collect$$rtexit$$00000003
    rtexit2.o(.ARM.exidx) refers to rtexit2.o(.ARM.Collect$$rtexit$$00000004) for .ARM.Collect$$rtexit$$00000004
    __raise.o(.text) refers to __raise.o(i.__ARM_common_call_via_r2) for __ARM_common_call_via_r2
    __raise.o(.text) refers to defsig.o(CL$$defsig) for __default_signal_handler
    defsig_general.o(.text) refers to sys_wrch.o(.text) for _ttywrch
    argv_veneer.o(.emb_text) refers to no_argv.o(.text) for __ARM_get_argv
    sys_wrch.o(.text) refers (Special) to use_no_semi.o(.text) for __I$use$semihosting
    sys_wrch.o(.text) refers (Special) to indicate_semi.o(.text) for __semihosting_library_function
    defsig.o(CL$$defsig) refers to defsig_fpe_inner.o(.text) for __rt_SIGFPE_inner
    defsig.o(CL$$defsig) refers to defsig_rtmem_inner.o(.text) for __rt_SIGRTMEM_inner
    _get_argv_nomalloc.o(.text) refers (Special) to hrguard.o(.text) for __heap_region$guard
    _get_argv_nomalloc.o(.text) refers to defsig_rtmem_outer.o(.text) for __rt_SIGRTMEM
    _get_argv_nomalloc.o(.text) refers to sys_command.o(.text) for _sys_command_string
    libshutdown.o(.ARM.Collect$$libshutdown$$00000000) refers (Special) to libshutdown2.o(.ARM.Collect$$libshutdown$$00000006) for __rt_lib_shutdown_fp_trap_1
    libshutdown.o(.ARM.Collect$$libshutdown$$00000000) refers (Special) to libshutdown2.o(.ARM.Collect$$libshutdown$$0000000E) for __rt_lib_shutdown_heap_1
    libshutdown.o(.ARM.Collect$$libshutdown$$00000000) refers (Special) to libshutdown2.o(.ARM.Collect$$libshutdown$$0000000F) for __rt_lib_shutdown_return
    libshutdown.o(.ARM.Collect$$libshutdown$$00000000) refers (Special) to libshutdown2.o(.ARM.Collect$$libshutdown$$00000009) for __rt_lib_shutdown_signal_1
    libshutdown.o(.ARM.Collect$$libshutdown$$00000000) refers (Special) to libshutdown2.o(.ARM.Collect$$libshutdown$$00000003) for __rt_lib_shutdown_stdio_1
    libshutdown.o(.ARM.Collect$$libshutdown$$00000000) refers (Special) to libshutdown2.o(.ARM.Collect$$libshutdown$$0000000B) for __rt_lib_shutdown_user_alloc_1
    sys_command.o(.text) refers (Special) to use_no_semi.o(.text) for __I$use$semihosting
    sys_command.o(.text) refers (Special) to indicate_semi.o(.text) for __semihosting_library_function
    defsig_abrt_inner.o(.text) refers to defsig_general.o(.text) for __default_signal_display
    defsig_rtred_inner.o(.text) refers to defsig_general.o(.text) for __default_signal_display
    defsig_rtmem_inner.o(.text) refers to defsig_general.o(.text) for __default_signal_display
    defsig_rtmem_outer.o(.text) refers to defsig_rtmem_inner.o(.text) for __rt_SIGRTMEM_inner
    defsig_rtmem_outer.o(.text) refers to defsig_exit.o(.text) for __sig_exit
    defsig_rtmem_formal.o(.text) refers to rt_raise.o(.text) for __rt_raise
    defsig_stak_inner.o(.text) refers to defsig_general.o(.text) for __default_signal_display
    defsig_pvfn_inner.o(.text) refers to defsig_general.o(.text) for __default_signal_display
    defsig_cppl_inner.o(.text) refers to defsig_general.o(.text) for __default_signal_display
    defsig_segv_inner.o(.text) refers to defsig_general.o(.text) for __default_signal_display
    defsig_other.o(.text) refers to defsig_general.o(.text) for __default_signal_display


==============================================================================

Removing Unused input sections from the image.

    Removing main.o(.data), (17 bytes).
    Removing main.o(.data), (5 bytes).
    Removing main.o(.data), (4 bytes).
    Removing main.o(.data), (5 bytes).
    Removing main.o(.data), (2 bytes).
    Removing main.o(.data), (4 bytes).
    Removing jiemian.o(.data), (4 bytes).
    Removing jiemian.o(.data), (4 bytes).
    Removing jiemian.o(.data), (4 bytes).
    Removing jiemian.o(.data), (4 bytes).
    Removing jiemian.o(.data), (4 bytes).

11 unused section(s) (total 57 bytes) removed from the image.

==============================================================================

Adding Veneers to the image

    Adding AT veneer (8 bytes, Inline) for call to '__rt_lib_init' from rtentry2.o(.ARM.Collect$$rtentry$$0000000A).
    Adding AT veneer (8 bytes, Inline) for call to '__rt_lib_shutdown' from rtexit2.o(.ARM.Collect$$rtexit$$00000003).
    Adding TA veneer (4 bytes, Inline) for call to '__rt_exit' from exit.o(.text).
    Adding AT veneer (8 bytes, Inline) for call to '_sys_exit' from rtexit2.o(.ARM.Collect$$rtexit$$00000004).

4 Veneer(s) (total 28 bytes) added to the image.

==============================================================================

Image Symbol Table

    Local Symbols

    Symbol Name                              Value     Ov Type        Size  Object(Section)

    RESET                                    0x00000000   Section      204  startup.o(RESET)
    ../clib/angel/boardlib.s                 0x00000000   Number         0  boardinit1.o ABSOLUTE
    ../clib/angel/boardlib.s                 0x00000000   Number         0  boardinit2.o ABSOLUTE
    ../clib/angel/boardlib.s                 0x00000000   Number         0  boardinit3.o ABSOLUTE
    ../clib/angel/boardlib.s                 0x00000000   Number         0  boardshut.o ABSOLUTE
    ../clib/angel/handlers.s                 0x00000000   Number         0  __scatter_copy.o ABSOLUTE
    ../clib/angel/handlers.s                 0x00000000   Number         0  __scatter_zi.o ABSOLUTE
    ../clib/angel/kernel.s                   0x00000000   Number         0  rtentry4.o ABSOLUTE
    ../clib/angel/kernel.s                   0x00000000   Number         0  rtentry.o ABSOLUTE
    ../clib/angel/kernel.s                   0x00000000   Number         0  rtexit.o ABSOLUTE
    ../clib/angel/kernel.s                   0x00000000   Number         0  rtentry2.o ABSOLUTE
    ../clib/angel/kernel.s                   0x00000000   Number         0  rtexit2.o ABSOLUTE
    ../clib/angel/rt.s                       0x00000000   Number         0  rt_raise.o ABSOLUTE
    ../clib/angel/rt.s                       0x00000000   Number         0  rt_div0.o ABSOLUTE
    ../clib/angel/rt.s                       0x00000000   Number         0  aeabi_idiv0.o ABSOLUTE
    ../clib/angel/rt.s                       0x00000000   Number         0  aeabi_idiv0_sigfpe.o ABSOLUTE
    ../clib/angel/scatter.s                  0x00000000   Number         0  __scatter.o ABSOLUTE
    ../clib/angel/startup.s                  0x00000000   Number         0  __main.o ABSOLUTE
    ../clib/angel/sys.s                      0x00000000   Number         0  sys_stackheap_outer.o ABSOLUTE
    ../clib/angel/sys.s                      0x00000000   Number         0  libspace.o ABSOLUTE
    ../clib/angel/sys.s                      0x00000000   Number         0  use_no_semi.o ABSOLUTE
    ../clib/angel/sys.s                      0x00000000   Number         0  indicate_semi.o ABSOLUTE
    ../clib/angel/sysapp.c                   0x00000000   Number         0  sys_wrch.o ABSOLUTE
    ../clib/angel/sysapp.c                   0x00000000   Number         0  sys_command.o ABSOLUTE
    ../clib/angel/sysapp.c                   0x00000000   Number         0  sys_exit.o ABSOLUTE
    ../clib/armsys.c                         0x00000000   Number         0  argv_veneer.o ABSOLUTE
    ../clib/armsys.c                         0x00000000   Number         0  argv_veneer.o ABSOLUTE
    ../clib/armsys.c                         0x00000000   Number         0  _get_argv_nomalloc.o ABSOLUTE
    ../clib/armsys.c                         0x00000000   Number         0  no_argv.o ABSOLUTE
    ../clib/division.s                       0x00000000   Number         0  aeabi_sdiv.o ABSOLUTE
    ../clib/division.s                       0x00000000   Number         0  aeabi_sdiv_div0.o ABSOLUTE
    ../clib/divrt.s                          0x00000000   Number         0  divrt_7tdmi_div0.o ABSOLUTE
    ../clib/divrt.s                          0x00000000   Number         0  divrt_7tdmi.o ABSOLUTE
    ../clib/heapalloc.c                      0x00000000   Number         0  hrguard.o ABSOLUTE
    ../clib/heapaux.c                        0x00000000   Number         0  heapauxi.o ABSOLUTE
    ../clib/libinit.s                        0x00000000   Number         0  libshutdown2.o ABSOLUTE
    ../clib/libinit.s                        0x00000000   Number         0  libshutdown.o ABSOLUTE
    ../clib/libinit.s                        0x00000000   Number         0  libinit.o ABSOLUTE
    ../clib/libinit.s                        0x00000000   Number         0  libinit2.o ABSOLUTE
    ../clib/signal.c                         0x00000000   Number         0  defsig_other.o ABSOLUTE
    ../clib/signal.c                         0x00000000   Number         0  defsig_cppl_inner.o ABSOLUTE
    ../clib/signal.c                         0x00000000   Number         0  defsig_pvfn_inner.o ABSOLUTE
    ../clib/signal.c                         0x00000000   Number         0  defsig_stak_inner.o ABSOLUTE
    ../clib/signal.c                         0x00000000   Number         0  defsig_rtmem_formal.o ABSOLUTE
    ../clib/signal.c                         0x00000000   Number         0  defsig_rtmem_inner.o ABSOLUTE
    ../clib/signal.c                         0x00000000   Number         0  defsig_segv_inner.o ABSOLUTE
    ../clib/signal.c                         0x00000000   Number         0  defsig_abrt_inner.o ABSOLUTE
    ../clib/signal.c                         0x00000000   Number         0  defsig_general.o ABSOLUTE
    ../clib/signal.c                         0x00000000   Number         0  __raise.o ABSOLUTE
    ../clib/signal.c                         0x00000000   Number         0  defsig_fpe_inner.o ABSOLUTE
    ../clib/signal.c                         0x00000000   Number         0  defsig_rtred_inner.o ABSOLUTE
    ../clib/signal.c                         0x00000000   Number         0  defsig_exit.o ABSOLUTE
    ../clib/signal.c                         0x00000000   Number         0  defsig_fpe_outer.o ABSOLUTE
    ../clib/signal.c                         0x00000000   Number         0  defsig_fpe_formal.o ABSOLUTE
    ../clib/signal.c                         0x00000000   Number         0  defsig_rtmem_outer.o ABSOLUTE
    ../clib/signal.s                         0x00000000   Number         0  defsig.o ABSOLUTE
    ../clib/stdlib.c                         0x00000000   Number         0  exit.o ABSOLUTE
    ../fplib/fpinit.s                        0x00000000   Number         0  fpinit.o ABSOLUTE
    ..\HARDWARE\DELAY\delay.c                0x00000000   Number         0  delay.o ABSOLUTE
    ..\HARDWARE\LCD1602\lcd1602.c            0x00000000   Number         0  lcd1602.o ABSOLUTE
    ..\USER\jiemian.c                        0x00000000   Number         0  jiemian.o ABSOLUTE
    ..\USER\main.c                           0x00000000   Number         0  main.o ABSOLUTE
    Startup.s                                0x00000000   Number         0  startup.o ABSOLUTE
    dc.s                                     0x00000000   Number         0  dc.o ABSOLUTE
    Undef_Handler                            0x00000040   ARM Code       4  startup.o(RESET)
    SWI_Handler                              0x00000044   ARM Code       4  startup.o(RESET)
    PAbt_Handler                             0x00000048   ARM Code       4  startup.o(RESET)
    DAbt_Handler                             0x0000004c   ARM Code       4  startup.o(RESET)
    IRQ_Handler                              0x00000050   ARM Code       4  startup.o(RESET)
    FIQ_Handler                              0x00000054   ARM Code       4  startup.o(RESET)
    !!!main                                  0x000000cc   Section        8  __main.o(!!!main)
    !!!scatter                               0x000000d4   Section       60  __scatter.o(!!!scatter)
    !!handler_copy                           0x00000110   Section       40  __scatter_copy.o(!!handler_copy)
    !!handler_zi                             0x00000138   Section       44  __scatter_zi.o(!!handler_zi)
    .ARM.Collect$$libinit$$00000000          0x0000016c   Section        2  libinit.o(.ARM.Collect$$libinit$$00000000)
    .ARM.Collect$$libinit$$00000002          0x0000016e   Section        0  libinit2.o(.ARM.Collect$$libinit$$00000002)
    .ARM.Collect$$libinit$$00000008          0x0000016e   Section        0  libinit2.o(.ARM.Collect$$libinit$$00000008)
    .ARM.Collect$$libinit$$0000000A          0x0000016e   Section        0  libinit2.o(.ARM.Collect$$libinit$$0000000A)
    .ARM.Collect$$libinit$$0000000C          0x0000016e   Section        0  libinit2.o(.ARM.Collect$$libinit$$0000000C)
    .ARM.Collect$$libinit$$0000000F          0x0000016e   Section        0  libinit2.o(.ARM.Collect$$libinit$$0000000F)
    .ARM.Collect$$libinit$$00000011          0x0000016e   Section        0  libinit2.o(.ARM.Collect$$libinit$$00000011)
    .ARM.Collect$$libinit$$00000013          0x0000016e   Section        0  libinit2.o(.ARM.Collect$$libinit$$00000013)
    .ARM.Collect$$libinit$$00000015          0x0000016e   Section        0  libinit2.o(.ARM.Collect$$libinit$$00000015)
    .ARM.Collect$$libinit$$00000017          0x0000016e   Section        0  libinit2.o(.ARM.Collect$$libinit$$00000017)
    .ARM.Collect$$libinit$$00000019          0x0000016e   Section        0  libinit2.o(.ARM.Collect$$libinit$$00000019)
    .ARM.Collect$$libinit$$0000001B          0x0000016e   Section        0  libinit2.o(.ARM.Collect$$libinit$$0000001B)
    .ARM.Collect$$libinit$$0000001D          0x0000016e   Section        0  libinit2.o(.ARM.Collect$$libinit$$0000001D)
    .ARM.Collect$$libinit$$0000001F          0x0000016e   Section        0  libinit2.o(.ARM.Collect$$libinit$$0000001F)
    .ARM.Collect$$libinit$$00000021          0x0000016e   Section        0  libinit2.o(.ARM.Collect$$libinit$$00000021)
    .ARM.Collect$$libinit$$00000023          0x0000016e   Section        0  libinit2.o(.ARM.Collect$$libinit$$00000023)
    .ARM.Collect$$libinit$$0000002A          0x0000016e   Section        0  libinit2.o(.ARM.Collect$$libinit$$0000002A)
    .ARM.Collect$$libinit$$0000002C          0x0000016e   Section        0  libinit2.o(.ARM.Collect$$libinit$$0000002C)
    .ARM.Collect$$libinit$$0000002E          0x0000016e   Section        0  libinit2.o(.ARM.Collect$$libinit$$0000002E)
    .ARM.Collect$$libinit$$00000030          0x0000016e   Section        0  libinit2.o(.ARM.Collect$$libinit$$00000030)
    .ARM.Collect$$libinit$$00000031          0x0000016e   Section       12  libinit2.o(.ARM.Collect$$libinit$$00000031)
    .ARM.Collect$$libshutdown$$00000000      0x00000184   Section        4  libshutdown.o(.ARM.Collect$$libshutdown$$00000000)
    .ARM.Collect$$libshutdown$$00000003      0x00000188   Section        0  libshutdown2.o(.ARM.Collect$$libshutdown$$00000003)
    .ARM.Collect$$libshutdown$$00000006      0x00000188   Section        0  libshutdown2.o(.ARM.Collect$$libshutdown$$00000006)
    .ARM.Collect$$libshutdown$$00000009      0x00000188   Section        0  libshutdown2.o(.ARM.Collect$$libshutdown$$00000009)
    .ARM.Collect$$libshutdown$$0000000B      0x00000188   Section        0  libshutdown2.o(.ARM.Collect$$libshutdown$$0000000B)
    .ARM.Collect$$libshutdown$$0000000E      0x00000188   Section        0  libshutdown2.o(.ARM.Collect$$libshutdown$$0000000E)
    .ARM.Collect$$libshutdown$$0000000F      0x00000188   Section        6  libshutdown2.o(.ARM.Collect$$libshutdown$$0000000F)
    .ARM.Collect$$rtentry$$00000000          0x00000190   Section        0  rtentry.o(.ARM.Collect$$rtentry$$00000000)
    .ARM.Collect$$rtentry$$00000002          0x00000190   Section        0  rtentry2.o(.ARM.Collect$$rtentry$$00000002)
    .ARM.Collect$$rtentry$$00000004          0x00000190   Section        8  rtentry4.o(.ARM.Collect$$rtentry$$00000004)
    .ARM.Collect$$rtentry$$00000009          0x00000198   Section        0  rtentry2.o(.ARM.Collect$$rtentry$$00000009)
    .ARM.Collect$$rtentry$$0000000A          0x00000198   Section        4  rtentry2.o(.ARM.Collect$$rtentry$$0000000A)
    .ARM.Collect$$rtentry$$0000000C          0x0000019c   Section        0  rtentry2.o(.ARM.Collect$$rtentry$$0000000C)
    .ARM.Collect$$rtentry$$0000000D          0x0000019c   Section       40  rtentry2.o(.ARM.Collect$$rtentry$$0000000D)
    .ARM.Collect$$rtexit$$00000000           0x000001c8   Section        4  rtexit.o(.ARM.Collect$$rtexit$$00000000)
    .ARM.Collect$$rtexit$$00000002           0x000001cc   Section        0  rtexit2.o(.ARM.Collect$$rtexit$$00000002)
    .ARM.Collect$$rtexit$$00000003           0x000001cc   Section        4  rtexit2.o(.ARM.Collect$$rtexit$$00000003)
    .ARM.Collect$$rtexit$$00000004           0x000001d0   Section        8  rtexit2.o(.ARM.Collect$$rtexit$$00000004)
    .text                                    0x000001d8   Section       32  startup.o(.text)
    .text                                    0x000001f8   Section        0  main.o(.text)
    .text                                    0x000007b0   Section        0  jiemian.o(.text)
    .text                                    0x00000c38   Section        0  lcd1602.o(.text)
    .text                                    0x00000d84   Section        0  delay.o(.text)
    .text                                    0x00000dac   Section      384  aeabi_sdiv.o(.text)
    __arm_div8                               0x00000dd8   ARM Code       0  aeabi_sdiv.o(.text)
    __arm_div5                               0x00000dfc   ARM Code       0  aeabi_sdiv.o(.text)
    __arm_div2                               0x00000e20   ARM Code       0  aeabi_sdiv.o(.text)
    __arm_div_large                          0x00000e5c   ARM Code       0  aeabi_sdiv.o(.text)
    .text                                    0x00000f2c   Section        0  heapauxi.o(.text)
    .text                                    0x00000f34   Section       96  sys_stackheap_outer.o(.text)
    .text                                    0x00000f94   Section        0  exit.o(.text)
    .text                                    0x00000fa0   Section       12  libspace.o(.text)
    .text                                    0x00000fb4   Section        0  sys_exit.o(.text)
    .text                                    0x00000fc0   Section        4  use_no_semi.o(.text)
    .text                                    0x00000fc4   Section        0  indicate_semi.o(.text)
    .data                                    0x40000000   Section        5  main.o(.data)
    .data                                    0x40000005   Section        3  main.o(.data)
    .data                                    0x40000008   Section        3  main.o(.data)
    .data                                    0x4000000b   Section       28  main.o(.data)
    .data                                    0x40000027   Section        1  main.o(.data)
    .data                                    0x40000028   Section        3  main.o(.data)
    .data                                    0x4000002b   Section        3  main.o(.data)
    .data                                    0x4000002e   Section        3  main.o(.data)
    .data                                    0x40000031   Section        3  main.o(.data)
    .data                                    0x40000034   Section        9  main.o(.data)
    .data                                    0x4000003d   Section       56  main.o(.data)
    .data                                    0x40000075   Section        1  main.o(.data)
    .data                                    0x40000078   Section       56  jiemian.o(.data)
    .data                                    0x400000b0   Section        4  jiemian.o(.data)
    .data                                    0x400000b4   Section        4  jiemian.o(.data)
    .data                                    0x400000b8   Section        4  jiemian.o(.data)
    .data                                    0x400000bc   Section        4  jiemian.o(.data)
    .data                                    0x400000c0   Section        4  jiemian.o(.data)
    .bss                                     0x400000c4   Section       96  libspace.o(.bss)
    HEAP                                     0x40000128   Section        0  startup.o(HEAP)
    STACK                                    0x40000128   Section     1160  startup.o(STACK)
    Heap_Mem                                 0x40000128   Data           0  startup.o(HEAP)
    Stack_Mem                                0x40000128   Data        1024  startup.o(STACK)
    Stack_Top                                0x400005b0   Data           0  startup.o(STACK)

    Global Symbols

    Symbol Name                              Value     Ov Type        Size  Object(Section)

    BuildAttributes$$THM_ISAv1$ARM_ISAv4$S$PE$A:L22$X:L11$S22$IEEE1$IW$USESV6$~STKCKD$USESV7$~SHL$OSPACE$ROPI$EBA8$UX$STANDARDLIB$REQ8$PRES8$EABIv2 0x00000000   Number         0  anon$$obj.o ABSOLUTE
    __ARM_use_no_argv                        0x00000000   Number         0  main.o ABSOLUTE
    __ARM_exceptions_init                     - Undefined Weak Reference
    __alloca_initialize                       - Undefined Weak Reference
    __cpp_initialize__aeabi_                  - Undefined Weak Reference
    __cxa_finalize                            - Undefined Weak Reference
    __rt_locale                               - Undefined Weak Reference
    __sigvec_lookup                           - Undefined Weak Reference
    _atexit_init                              - Undefined Weak Reference
    _call_atexit_fns                          - Undefined Weak Reference
    _clock_init                               - Undefined Weak Reference
    _fp_trap_init                             - Undefined Weak Reference
    _fp_trap_shutdown                         - Undefined Weak Reference
    _get_lc_collate                           - Undefined Weak Reference
    _get_lc_ctype                             - Undefined Weak Reference
    _get_lc_monetary                          - Undefined Weak Reference
    _get_lc_numeric                           - Undefined Weak Reference
    _get_lc_time                              - Undefined Weak Reference
    _getenv_init                              - Undefined Weak Reference
    _handle_redirection                       - Undefined Weak Reference
    _init_alloc                               - Undefined Weak Reference
    _init_user_alloc                          - Undefined Weak Reference
    _initio                                   - Undefined Weak Reference
    _rand_init                                - Undefined Weak Reference
    _signal_finish                            - Undefined Weak Reference
    _signal_init                              - Undefined Weak Reference
    _terminate_alloc                          - Undefined Weak Reference
    _terminate_user_alloc                     - Undefined Weak Reference
    _terminateio                              - Undefined Weak Reference
    Reset_Handler                            0x00000058   ARM Code       0  startup.o(RESET)
    __main                                   0x000000cc   ARM Code       8  __main.o(!!!main)
    __scatterload                            0x000000d4   ARM Code       0  __scatter.o(!!!scatter)
    __scatterload_rt2                        0x000000d4   ARM Code      52  __scatter.o(!!!scatter)
    __scatterload_null                       0x000000e8   ARM Code       0  __scatter.o(!!!scatter)
    __scatterload_copy                       0x00000110   ARM Code      40  __scatter_copy.o(!!handler_copy)
    __scatterload_zeroinit                   0x00000138   ARM Code      44  __scatter_zi.o(!!handler_zi)
    Inline ARM to Thumb Veneer to __rt_lib_init 0x00000164   ARM Code       8  libinit.o(.ARM.Collect$$libinit$$00000000)
    __rt_lib_init                            0x0000016d   Thumb Code     0  libinit.o(.ARM.Collect$$libinit$$00000000)
    __rt_lib_init_alloca_1                   0x0000016f   Thumb Code     0  libinit2.o(.ARM.Collect$$libinit$$0000002C)
    __rt_lib_init_argv_1                     0x0000016f   Thumb Code     0  libinit2.o(.ARM.Collect$$libinit$$0000002A)
    __rt_lib_init_atexit_1                   0x0000016f   Thumb Code     0  libinit2.o(.ARM.Collect$$libinit$$00000019)
    __rt_lib_init_clock_1                    0x0000016f   Thumb Code     0  libinit2.o(.ARM.Collect$$libinit$$0000001F)
    __rt_lib_init_cpp_1                      0x0000016f   Thumb Code     0  libinit2.o(.ARM.Collect$$libinit$$00000030)
    __rt_lib_init_exceptions_1               0x0000016f   Thumb Code     0  libinit2.o(.ARM.Collect$$libinit$$0000002E)
    __rt_lib_init_fp_1                       0x0000016f   Thumb Code     0  libinit2.o(.ARM.Collect$$libinit$$00000002)
    __rt_lib_init_fp_trap_1                  0x0000016f   Thumb Code     0  libinit2.o(.ARM.Collect$$libinit$$0000001D)
    __rt_lib_init_getenv_1                   0x0000016f   Thumb Code     0  libinit2.o(.ARM.Collect$$libinit$$00000021)
    __rt_lib_init_heap_1                     0x0000016f   Thumb Code     0  libinit2.o(.ARM.Collect$$libinit$$00000008)
    __rt_lib_init_lc_collate_1               0x0000016f   Thumb Code     0  libinit2.o(.ARM.Collect$$libinit$$0000000F)
    __rt_lib_init_lc_ctype_1                 0x0000016f   Thumb Code     0  libinit2.o(.ARM.Collect$$libinit$$00000011)
    __rt_lib_init_lc_monetary_1              0x0000016f   Thumb Code     0  libinit2.o(.ARM.Collect$$libinit$$00000013)
    __rt_lib_init_lc_numeric_1               0x0000016f   Thumb Code     0  libinit2.o(.ARM.Collect$$libinit$$00000015)
    __rt_lib_init_lc_time_1                  0x0000016f   Thumb Code     0  libinit2.o(.ARM.Collect$$libinit$$00000017)
    __rt_lib_init_rand_1                     0x0000016f   Thumb Code     0  libinit2.o(.ARM.Collect$$libinit$$0000000C)
    __rt_lib_init_return                     0x0000016f   Thumb Code     0  libinit2.o(.ARM.Collect$$libinit$$00000031)
    __rt_lib_init_signal_1                   0x0000016f   Thumb Code     0  libinit2.o(.ARM.Collect$$libinit$$0000001B)
    __rt_lib_init_stdio_1                    0x0000016f   Thumb Code     0  libinit2.o(.ARM.Collect$$libinit$$00000023)
    __rt_lib_init_user_alloc_1               0x0000016f   Thumb Code     0  libinit2.o(.ARM.Collect$$libinit$$0000000A)
    Inline ARM to Thumb Veneer to __rt_lib_shutdown 0x0000017c   ARM Code       8  libshutdown.o(.ARM.Collect$$libshutdown$$00000000)
    __rt_lib_shutdown                        0x00000185   Thumb Code     0  libshutdown.o(.ARM.Collect$$libshutdown$$00000000)
    __rt_lib_shutdown_fp_trap_1              0x00000189   Thumb Code     0  libshutdown2.o(.ARM.Collect$$libshutdown$$00000006)
    __rt_lib_shutdown_heap_1                 0x00000189   Thumb Code     0  libshutdown2.o(.ARM.Collect$$libshutdown$$0000000E)
    __rt_lib_shutdown_return                 0x00000189   Thumb Code     0  libshutdown2.o(.ARM.Collect$$libshutdown$$0000000F)
    __rt_lib_shutdown_signal_1               0x00000189   Thumb Code     0  libshutdown2.o(.ARM.Collect$$libshutdown$$00000009)
    __rt_lib_shutdown_stdio_1                0x00000189   Thumb Code     0  libshutdown2.o(.ARM.Collect$$libshutdown$$00000003)
    __rt_lib_shutdown_user_alloc_1           0x00000189   Thumb Code     0  libshutdown2.o(.ARM.Collect$$libshutdown$$0000000B)
    __rt_entry                               0x00000190   ARM Code       0  rtentry.o(.ARM.Collect$$rtentry$$00000000)
    __rt_entry_presh_1                       0x00000190   ARM Code       0  rtentry2.o(.ARM.Collect$$rtentry$$00000002)
    __rt_entry_sh                            0x00000190   ARM Code       0  rtentry4.o(.ARM.Collect$$rtentry$$00000004)
    __rt_entry_li                            0x00000198   ARM Code       0  rtentry2.o(.ARM.Collect$$rtentry$$0000000A)
    __rt_entry_postsh_1                      0x00000198   ARM Code       0  rtentry2.o(.ARM.Collect$$rtentry$$00000009)
    __rt_entry_main                          0x0000019c   ARM Code       0  rtentry2.o(.ARM.Collect$$rtentry$$0000000D)
    __rt_entry_postli_1                      0x0000019c   ARM Code       0  rtentry2.o(.ARM.Collect$$rtentry$$0000000C)
    Inline Thumb to ARM Veneer to __rt_exit  0x000001c5   Thumb Code     4  rtexit.o(.ARM.Collect$$rtexit$$00000000)
    __rt_exit                                0x000001c8   ARM Code       0  rtexit.o(.ARM.Collect$$rtexit$$00000000)
    __rt_exit_ls                             0x000001cc   ARM Code       0  rtexit2.o(.ARM.Collect$$rtexit$$00000003)
    __rt_exit_prels_1                        0x000001cc   ARM Code       0  rtexit2.o(.ARM.Collect$$rtexit$$00000002)
    __rt_exit_exit                           0x000001d0   ARM Code       0  rtexit2.o(.ARM.Collect$$rtexit$$00000004)
    __user_initial_stackheap                 0x000001d8   ARM Code       0  startup.o(.text)
    IRQ_Eint0                                0x000001f8   ARM Code     548  main.o(.text)
    IRQ_Eint1                                0x0000041c   ARM Code     352  main.o(.text)
    IRQ_Eint3                                0x0000057c   ARM Code      80  main.o(.text)
    IRQ_Timr0                                0x000005cc   ARM Code      32  main.o(.text)
    eint                                     0x000005ec   ARM Code     160  main.o(.text)
    Timer0Init                               0x0000068c   ARM Code      92  main.o(.text)
    main                                     0x000006e8   ARM Code     116  main.o(.text)
    jie                                      0x000007b0   ARM Code     672  jiemian.o(.text)
    xingqi                                   0x00000a50   ARM Code     184  jiemian.o(.text)
    RTC_init                                 0x00000b08   ARM Code     108  jiemian.o(.text)
    RTC_int                                  0x00000b74   ARM Code      96  jiemian.o(.text)
    RTC_int_ini                              0x00000bd4   ARM Code      44  jiemian.o(.text)
    LCD_DATA_SET                             0x00000c38   ARM Code      24  lcd1602.o(.text)
    LcdWriteCom                              0x00000c50   ARM Code      68  lcd1602.o(.text)
    LcdWriteData                             0x00000c94   ARM Code      68  lcd1602.o(.text)
    LcdIO_Init                               0x00000cd8   ARM Code     112  lcd1602.o(.text)
    LcdInit                                  0x00000d48   ARM Code      52  lcd1602.o(.text)
    delay_ms                                 0x00000d84   ARM Code      36  delay.o(.text)
    __aeabi_idiv                             0x00000dac   ARM Code       0  aeabi_sdiv.o(.text)
    __aeabi_idivmod                          0x00000dac   ARM Code     384  aeabi_sdiv.o(.text)
    __use_two_region_memory                  0x00000f2d   Thumb Code     2  heapauxi.o(.text)
    __rt_heap_escrow$2region                 0x00000f2f   Thumb Code     2  heapauxi.o(.text)
    __rt_heap_expand$2region                 0x00000f31   Thumb Code     2  heapauxi.o(.text)
    __user_setup_stackheap                   0x00000f34   ARM Code      96  sys_stackheap_outer.o(.text)
    exit                                     0x00000f95   Thumb Code    12  exit.o(.text)
    __user_libspace                          0x00000fa0   ARM Code      12  libspace.o(.text)
    __user_perproc_libspace                  0x00000fa0   ARM Code       0  libspace.o(.text)
    __user_perthread_libspace                0x00000fa0   ARM Code       0  libspace.o(.text)
    Inline ARM to Thumb Veneer to _sys_exit  0x00000fac   ARM Code       8  sys_exit.o(.text)
    _sys_exit                                0x00000fb5   Thumb Code     8  sys_exit.o(.text)
    __I$use$semihosting                      0x00000fc0   ARM Code       0  use_no_semi.o(.text)
    __use_no_semihosting_swi                 0x00000fc0   ARM Code       4  use_no_semi.o(.text)
    Region$$Table$$Base                      0x00000fc4   Number         0  anon$$obj.o(Region$$Table)
    __semihosting_library_function           0x00000fc4   ARM Code       0  indicate_semi.o(.text)
    Region$$Table$$Limit                     0x00000fe4   Number         0  anon$$obj.o(Region$$Table)
    nian                                     0x40000000   Data           5  main.o(.data)
    yue                                      0x40000005   Data           3  main.o(.data)
    ri                                       0x40000008   Data           3  main.o(.data)
    week                                     0x4000000b   Data          28  main.o(.data)
    week_num                                 0x40000027   Data           1  main.o(.data)
    shi                                      0x40000028   Data           3  main.o(.data)
    fen                                      0x4000002b   Data           3  main.o(.data)
    miao                                     0x4000002e   Data           3  main.o(.data)
    jj                                       0x40000031   Data           3  main.o(.data)
    hanzi                                    0x40000034   Data           9  main.o(.data)
    zi                                       0x4000003d   Data          56  main.o(.data)
    state_s                                  0x40000075   Data           1  main.o(.data)
    sec                                      0x40000078   Data           4  jiemian.o(.data)
    secflag                                  0x4000007c   Data           4  jiemian.o(.data)
    month                                    0x40000080   Data           4  jiemian.o(.data)
    day                                      0x40000084   Data           4  jiemian.o(.data)
    hour                                     0x40000088   Data           4  jiemian.o(.data)
    min                                      0x4000008c   Data           4  jiemian.o(.data)
    weeks                                    0x40000090   Data           4  jiemian.o(.data)
    year                                     0x40000094   Data           4  jiemian.o(.data)
    year1                                    0x40000098   Data           4  jiemian.o(.data)
    month1                                   0x4000009c   Data           4  jiemian.o(.data)
    sec1                                     0x400000a0   Data           4  jiemian.o(.data)
    day1                                     0x400000a4   Data           4  jiemian.o(.data)
    hour1                                    0x400000a8   Data           4  jiemian.o(.data)
    min1                                     0x400000ac   Data           4  jiemian.o(.data)
    month2                                   0x400000b0   Data           4  jiemian.o(.data)
    day2                                     0x400000b4   Data           4  jiemian.o(.data)
    hour2                                    0x400000b8   Data           4  jiemian.o(.data)
    min2                                     0x400000bc   Data           4  jiemian.o(.data)
    year2                                    0x400000c0   Data           4  jiemian.o(.data)
    __libspace_start                         0x400000c4   Data          96  libspace.o(.bss)
    __temporary_stack_top$libspace           0x40000124   Data           0  libspace.o(.bss)



==============================================================================

Memory Map of the image

  Image Entry point : 0x000000cc

  Load Region LR_IROM1 (Base: 0x00000000, Size: 0x000010a8, Max: 0x00080000, ABSOLUTE)

    Execution Region ER_IROM1 (Base: 0x00000000, Size: 0x00000fe4, Max: 0x00080000, ABSOLUTE)

    Base Addr    Size         Type   Attr      Idx    E Section Name        Object

    0x00000000   0x000000cc   Code   RO            3    RESET               startup.o
    0x000000cc   0x00000008   Code   RO          138  * !!!main             c_t.l(__main.o)
    0x000000d4   0x0000003c   Code   RO          304    !!!scatter          c_t.l(__scatter.o)
    0x00000110   0x00000028   Code   RO          306    !!handler_copy      c_t.l(__scatter_copy.o)
    0x00000138   0x0000002c   Code   RO          308    !!handler_zi        c_t.l(__scatter_zi.o)
    0x00000164   0x00000008   Ven    RO          175    .ARM.Collect$$libinit$$00000000  c_t.l(libinit.o)
    0x0000016c   0x00000002   Code   RO          175    .ARM.Collect$$libinit$$00000000  c_t.l(libinit.o)
    0x0000016e   0x00000000   Code   RO          188    .ARM.Collect$$libinit$$00000002  c_t.l(libinit2.o)
    0x0000016e   0x00000000   Code   RO          191    .ARM.Collect$$libinit$$00000008  c_t.l(libinit2.o)
    0x0000016e   0x00000000   Code   RO          193    .ARM.Collect$$libinit$$0000000A  c_t.l(libinit2.o)
    0x0000016e   0x00000000   Code   RO          195    .ARM.Collect$$libinit$$0000000C  c_t.l(libinit2.o)
    0x0000016e   0x00000000   Code   RO          198    .ARM.Collect$$libinit$$0000000F  c_t.l(libinit2.o)
    0x0000016e   0x00000000   Code   RO          200    .ARM.Collect$$libinit$$00000011  c_t.l(libinit2.o)
    0x0000016e   0x00000000   Code   RO          202    .ARM.Collect$$libinit$$00000013  c_t.l(libinit2.o)
    0x0000016e   0x00000000   Code   RO          204    .ARM.Collect$$libinit$$00000015  c_t.l(libinit2.o)
    0x0000016e   0x00000000   Code   RO          206    .ARM.Collect$$libinit$$00000017  c_t.l(libinit2.o)
    0x0000016e   0x00000000   Code   RO          208    .ARM.Collect$$libinit$$00000019  c_t.l(libinit2.o)
    0x0000016e   0x00000000   Code   RO          210    .ARM.Collect$$libinit$$0000001B  c_t.l(libinit2.o)
    0x0000016e   0x00000000   Code   RO          212    .ARM.Collect$$libinit$$0000001D  c_t.l(libinit2.o)
    0x0000016e   0x00000000   Code   RO          214    .ARM.Collect$$libinit$$0000001F  c_t.l(libinit2.o)
    0x0000016e   0x00000000   Code   RO          216    .ARM.Collect$$libinit$$00000021  c_t.l(libinit2.o)
    0x0000016e   0x00000000   Code   RO          218    .ARM.Collect$$libinit$$00000023  c_t.l(libinit2.o)
    0x0000016e   0x00000000   Code   RO          222    .ARM.Collect$$libinit$$0000002A  c_t.l(libinit2.o)
    0x0000016e   0x00000000   Code   RO          224    .ARM.Collect$$libinit$$0000002C  c_t.l(libinit2.o)
    0x0000016e   0x00000000   Code   RO          226    .ARM.Collect$$libinit$$0000002E  c_t.l(libinit2.o)
    0x0000016e   0x00000000   Code   RO          228    .ARM.Collect$$libinit$$00000030  c_t.l(libinit2.o)
    0x0000016e   0x0000000c   Code   RO          229    .ARM.Collect$$libinit$$00000031  c_t.l(libinit2.o)
    0x0000017a   0x00000002   PAD
    0x0000017c   0x00000008   Ven    RO          262    .ARM.Collect$$libshutdown$$00000000  c_t.l(libshutdown.o)
    0x00000184   0x00000004   Code   RO          262    .ARM.Collect$$libshutdown$$00000000  c_t.l(libshutdown.o)
    0x00000188   0x00000000   Code   RO          289    .ARM.Collect$$libshutdown$$00000003  c_t.l(libshutdown2.o)
    0x00000188   0x00000000   Code   RO          292    .ARM.Collect$$libshutdown$$00000006  c_t.l(libshutdown2.o)
    0x00000188   0x00000000   Code   RO          295    .ARM.Collect$$libshutdown$$00000009  c_t.l(libshutdown2.o)
    0x00000188   0x00000000   Code   RO          297    .ARM.Collect$$libshutdown$$0000000B  c_t.l(libshutdown2.o)
    0x00000188   0x00000000   Code   RO          300    .ARM.Collect$$libshutdown$$0000000E  c_t.l(libshutdown2.o)
    0x00000188   0x00000006   Code   RO          301    .ARM.Collect$$libshutdown$$0000000F  c_t.l(libshutdown2.o)
    0x0000018e   0x00000002   PAD
    0x00000190   0x00000000   Code   RO          140    .ARM.Collect$$rtentry$$00000000  c_t.l(rtentry.o)
    0x00000190   0x00000000   Code   RO          146    .ARM.Collect$$rtentry$$00000002  c_t.l(rtentry2.o)
    0x00000190   0x00000008   Code   RO          158    .ARM.Collect$$rtentry$$00000004  c_t.l(rtentry4.o)
    0x00000198   0x00000000   Code   RO          148    .ARM.Collect$$rtentry$$00000009  c_t.l(rtentry2.o)
    0x00000198   0x00000004   Code   RO          149    .ARM.Collect$$rtentry$$0000000A  c_t.l(rtentry2.o)
    0x0000019c   0x00000000   Code   RO          151    .ARM.Collect$$rtentry$$0000000C  c_t.l(rtentry2.o)
    0x0000019c   0x00000028   Code   RO          152    .ARM.Collect$$rtentry$$0000000D  c_t.l(rtentry2.o)
    0x000001c4   0x00000004   Ven    RO          179    .ARM.Collect$$rtexit$$00000000  c_t.l(rtexit.o)
    0x000001c8   0x00000004   Code   RO          179    .ARM.Collect$$rtexit$$00000000  c_t.l(rtexit.o)
    0x000001cc   0x00000000   Code   RO          233    .ARM.Collect$$rtexit$$00000002  c_t.l(rtexit2.o)
    0x000001cc   0x00000004   Code   RO          234    .ARM.Collect$$rtexit$$00000003  c_t.l(rtexit2.o)
    0x000001d0   0x00000008   Code   RO          235    .ARM.Collect$$rtexit$$00000004  c_t.l(rtexit2.o)
    0x000001d8   0x00000020   Code   RO            4    .text               startup.o
    0x000001f8   0x000005b8   Code   RO           11    .text               main.o
    0x000007b0   0x00000488   Code   RO           61    .text               jiemian.o
    0x00000c38   0x0000014c   Code   RO           90    .text               lcd1602.o
    0x00000d84   0x00000028   Code   RO          106    .text               delay.o
    0x00000dac   0x00000180   Code   RO          120    .text               c_t.l(aeabi_sdiv.o)
    0x00000f2c   0x00000006   Code   RO          136    .text               c_t.l(heapauxi.o)
    0x00000f32   0x00000002   PAD
    0x00000f34   0x00000060   Code   RO          162    .text               c_t.l(sys_stackheap_outer.o)
    0x00000f94   0x0000000c   Code   RO          164    .text               c_t.l(exit.o)
    0x00000fa0   0x0000000c   Code   RO          176    .text               c_t.l(libspace.o)
    0x00000fac   0x00000008   Ven    RO          230    .text               c_t.l(sys_exit.o)
    0x00000fb4   0x0000000c   Code   RO          230    .text               c_t.l(sys_exit.o)
    0x00000fc0   0x00000004   Code   RO          251    .text               c_t.l(use_no_semi.o)
    0x00000fc4   0x00000000   Code   RO          253    .text               c_t.l(indicate_semi.o)
    0x00000fc4   0x00000020   Data   RO          302    Region$$Table       anon$$obj.o


    Execution Region RW_IRAM1 (Base: 0x40000000, Size: 0x000005b0, Max: 0x00008000, ABSOLUTE)

    Base Addr    Size         Type   Attr      Idx    E Section Name        Object

    0x40000000   0x00000005   Data   RW           14    .data               main.o
    0x40000005   0x00000003   Data   RW           15    .data               main.o
    0x40000008   0x00000003   Data   RW           16    .data               main.o
    0x4000000b   0x0000001c   Data   RW           17    .data               main.o
    0x40000027   0x00000001   Data   RW           18    .data               main.o
    0x40000028   0x00000003   Data   RW           19    .data               main.o
    0x4000002b   0x00000003   Data   RW           20    .data               main.o
    0x4000002e   0x00000003   Data   RW           21    .data               main.o
    0x40000031   0x00000003   Data   RW           22    .data               main.o
    0x40000034   0x00000009   Data   RW           23    .data               main.o
    0x4000003d   0x00000038   Data   RW           24    .data               main.o
    0x40000075   0x00000001   Data   RW           25    .data               main.o
    0x40000076   0x00000002   PAD
    0x40000078   0x00000038   Data   RW           62    .data               jiemian.o
    0x400000b0   0x00000004   Data   RW           64    .data               jiemian.o
    0x400000b4   0x00000004   Data   RW           65    .data               jiemian.o
    0x400000b8   0x00000004   Data   RW           66    .data               jiemian.o
    0x400000bc   0x00000004   Data   RW           67    .data               jiemian.o
    0x400000c0   0x00000004   Data   RW           70    .data               jiemian.o
    0x400000c4   0x00000060   Zero   RW          177    .bss                c_t.l(libspace.o)
    0x40000124   0x00000004   PAD
    0x40000128   0x00000000   Zero   RW            2    HEAP                startup.o
    0x40000128   0x00000488   Zero   RW            1    STACK               startup.o


==============================================================================

Image component sizes


      Code (inc. data)   RO Data    RW Data    ZI Data      Debug   Object Name

        40          4          0          0          0        403   delay.o
      1160         56          0         76          0       2323   jiemian.o
       332          8          0          0          0       1481   lcd1602.o
      1464         84          0        118          0       4671   main.o
       236         56          0          0       1160        412   startup.o

    ----------------------------------------------------------------------
      3232        208         32        196       1160       9290   Object Totals
         0          0         32          0          0          0   (incl. Generated)
         0          0          0          2          0          0   (incl. Padding)

    ----------------------------------------------------------------------

      Code (inc. data)   RO Data    RW Data    ZI Data      Debug   Library Member Name

         8          0          0          0          0         68   __main.o
        60          8          0          0          0          0   __scatter.o
        40          0          0          0          0          0   __scatter_copy.o
        44          0          0          0          0          0   __scatter_zi.o
       384          0          0          0          0         80   aeabi_sdiv.o
        12          0          0          0          0         64   exit.o
         6          0          0          0          0        136   heapauxi.o
         0          0          0          0          0          0   indicate_semi.o
        10          0          0          0          0          0   libinit.o
        12          0          0          0          0          0   libinit2.o
        12          0          0          0          0          0   libshutdown.o
         6          0          0          0          0          0   libshutdown2.o
        12          4          0          0         96         68   libspace.o
         0          0          0          0          0          0   rtentry.o
        44          4          0          0          0          0   rtentry2.o
         8          0          0          0          0          0   rtentry4.o
         8          0          0          0          0          0   rtexit.o
        12          0          0          0          0          0   rtexit2.o
        20          4          0          0          0         60   sys_exit.o
        96          0          0          0          0         80   sys_stackheap_outer.o
         4          0          0          0          0         68   use_no_semi.o

    ----------------------------------------------------------------------
       804         20          0          0        100        624   Library Totals
         6          0          0          0          4          0   (incl. Padding)

    ----------------------------------------------------------------------

      Code (inc. data)   RO Data    RW Data    ZI Data      Debug   Library Name

       798         20          0          0         96        624   c_t.l

    ----------------------------------------------------------------------
       804         20          0          0        100        624   Library Totals

    ----------------------------------------------------------------------

==============================================================================


      Code (inc. data)   RO Data    RW Data    ZI Data      Debug   

      4036        228         32        196       1260       9202   Grand Totals
      4036        228         32        196       1260       9202   ELF Image Totals
      4036        228         32        196          0          0   ROM Totals

==============================================================================

    Total RO  Size (Code + RO Data)                 4068 (   3.97kB)
    Total RW  Size (RW Data + ZI Data)              1456 (   1.42kB)
    Total ROM Size (Code + RO Data + RW Data)       4264 (   4.16kB)

==============================================================================

