<html>
<body>
<pre>
<h1>µVision Build Log</h1>
<h2>Tool Versions:</h2>
IDE-Version: ¦ÌVision V5.12.0.0
Copyright (C) 2014 ARM Ltd and ARM Germany GmbH. All rights reserved.
License Information: li Microsoft, Microsoft, LIC=JL2VE-5CF7G-I5ITC-7RXBX-GN90G-RXA7N
 
Tool Versions:
Toolchain:       MDK-ARM Standard  Version: 5.12.0.0
Toolchain Path:  C:\Keil_v5\ARM\ARMCC\Bin
C Compiler:      Armcc.exe V5.05 (build 41)
Assembler:       Armasm.exe V5.05 (build 41)
Linker/Locator:  ArmLink.exe V5.05 (build 41)
Library Manager: ArmAr.exe V5.05 (build 41)
Hex Converter:   FromElf.exe V5.05 (build 41)
CPU DLL:         SARM.DLL V5.12.0.0
Dialog DLL:      DARMP.DLL V1.51
Target DLL:      UL2ARM.DLL V1.74.5.0
Dialog DLL:      TARMP.DLL V1.51
 
<h2>Project:</h2>
E:\ÎÒµÄ³ÌÐò\lpc2138\calender\PROJECT\gpio.uvproj
Project File Date:  06/21/2016

<h2>Output:</h2>
Build target 'Target 1'
compiling main.c...
..\USER\main.c(54): warning:  #177-D: variable "i" was declared but never referenced
  {   uint32  i;
..\USER\main.c: 1 warning, 0 errors
linking...
Program Size: Code=2316 RO-data=32 RW-data=76 ZI-data=1260  
FromELF: creating hex file...
".\gpio.axf" - 0 Error(s), 1 Warning(s).
